// Jest Snapshot v1, https://goo.gl/fbAQLP

exports[`Cabinet render should render correctly 1`] = `
<div
  className="container cabinet"
>
  Cabinet
</div>
`;
