// Jest Snapshot v1, https://goo.gl/fbAQLP

exports[`Login component  should render correctly 1`] = `
<div
  className="container login"
>
  Login page
  <button
    onClick={[Function]}
  >
    Try log in
  </button>
</div>
`;
